 qtest

 Timestamp is 5ca63d64 (Thu Apr  4 20:22:44 2019)

 Preferred load address is 0000000140000000

 Start         Length     Name                   Class
 0001:00000000 00004c20H .text$mn                CODE
 0001:00004c20 00000020H .text$mn$00             CODE
 0001:00004c40 0000008dH .text$x                 CODE
 0002:00000000 000002f0H .idata$5                DATA
 0002:000002f0 00000010H .00cfg                  DATA
 0002:00000300 00000008H .CRT$XCA                DATA
 0002:00000308 00000008H .CRT$XCAA               DATA
 0002:00000310 00000008H .CRT$XCZ                DATA
 0002:00000318 00000008H .CRT$XIA                DATA
 0002:00000320 00000008H .CRT$XIAA               DATA
 0002:00000328 00000008H .CRT$XIAC               DATA
 0002:00000330 00000008H .CRT$XIC                DATA
 0002:00000338 00000008H .CRT$XIZ                DATA
 0002:00000340 00000008H .CRT$XLA                DATA
 0002:00000348 00000008H .CRT$XLZ                DATA
 0002:00000350 00000008H .CRT$XPA                DATA
 0002:00000358 00000008H .CRT$XPZ                DATA
 0002:00000360 00000008H .CRT$XTA                DATA
 0002:00000368 00000008H .CRT$XTZ                DATA
 0002:00000370 00000000H .gfids$y                DATA
 0002:00000370 00000410H .rdata                  DATA
 0002:00000780 00000028H .rdata$T                DATA
 0002:000007a8 00000318H .rdata$zzzdbg           DATA
 0002:00000ac0 00000008H .rtc$IAA                DATA
 0002:00000ac8 00000008H .rtc$IZZ                DATA
 0002:00000ad0 00000008H .rtc$TAA                DATA
 0002:00000ad8 00000008H .rtc$TZZ                DATA
 0002:00000ae0 00000004H .tls                    DATA
 0002:00000ae4 00000004H .tls$                   DATA
 0002:00000ae8 00000008H .tls$ZZZ                DATA
 0002:00000af0 0000020cH .xdata                  DATA
 0002:00000cfc 00000000H .edata                  DATA
 0002:00000cfc 00000078H .idata$2                DATA
 0002:00000d74 00000014H .idata$3                DATA
 0002:00000d88 000002f0H .idata$4                DATA
 0002:00001078 000006f8H .idata$6                DATA
 0003:00000000 00000050H .data                   DATA
 0003:00000050 00002018H .bss                    DATA
 0004:00000000 000003d8H .pdata                  DATA

  Address         Publics by Value              Rva+Base               Lib:Object

 0000:00000000       __hybrid_code_map_count    0000000000000000     <absolute>
 0000:00000000       __guard_iat_count          0000000000000000     <absolute>
 0000:00000000       __dynamic_value_reloc_table 0000000000000000     <absolute>
 0000:00000000       __guard_fids_count         0000000000000000     <absolute>
 0000:00000000       __volatile_metadata        0000000000000000     <absolute>
 0000:00000000       __guard_longjmp_table      0000000000000000     <absolute>
 0000:00000000       __guard_iat_table          0000000000000000     <absolute>
 0000:00000000       __enclave_config           0000000000000000     <absolute>
 0000:00000000       __hybrid_code_map          0000000000000000     <absolute>
 0000:00000000       __guard_longjmp_count      0000000000000000     <absolute>
 0000:00000000       ___safe_se_handler_count   0000000000000000     <absolute>
 0000:00000000       ___safe_se_handler_table   0000000000000000     <absolute>
 0000:00000000       __hybrid_auxiliary_iat     0000000000000000     <absolute>
 0000:00000000       __guard_fids_table         0000000000000000     <absolute>
 0000:00000100       __guard_flags              0000000000000100     <absolute>
 0000:00000000       __ImageBase                0000000140000000     <linker-defined>
 0001:00000000       ?PlatformQuit@@YAXH@Z      0000000140001000 f   game.obj
 0001:00000020       ?InitializePartition@@YAIPEAUmemory_partition@@_K1@Z 0000000140001020 f   game.obj
 0001:00000150       ?ResetPartition@@YAXPEAUmemory_partition@@@Z 0000000140001150 f   game.obj
 0001:000001e0       ?PushSize@@YAPEAXPEAUmemory_partition@@_K@Z 00000001400011e0 f   game.obj
 0001:00000340       ?GameUpdate@@YAXW4game_update_type@@@Z 0000000140001340 f   game.obj
 0001:00000390       ?CopyString@@YAXPEADPEBD@Z 0000000140001390 f   game.obj
 0001:00000420       ?CopyStringN@@YAXPEADPEBD_K@Z 0000000140001420 f   game.obj
 0001:000004c0       WinMain                    00000001400014c0 f   game.obj
 0001:00001600       ?Win32XInputGetStateStub@@YAKKPEAU_XINPUT_STATE@@@Z 0000000140002600 f   game.obj
 0001:00001620       ?Win32XInputSetStateStub@@YAKKPEAU_XINPUT_VIBRATION@@@Z 0000000140002620 f   game.obj
 0001:00002950       ??$AlignPow2@_K@@YA_K_K0@Z 0000000140003950 f i game.obj
 0001:000029b0       ??$CountOf@D$0IAA@@@YAIAEAY0IAA@D@Z 00000001400039b0 f i game.obj
 0001:000029c0       ??$CountOf@Ugame_input_xbox_controller@@$03@@YAIAEAY03Ugame_input_xbox_controller@@@Z 00000001400039c0 f i game.obj
 0001:000029c0       ??$CountOf@I$03@@YAIAEAY03I@Z 00000001400039c0 f i game.obj
 0001:000029d0       ??$CountOf@Ugame_input_button@@$04@@YAIAEAY04Ugame_input_button@@@Z 00000001400039d0 f i game.obj
 0001:000029e0       ??$CountOf@Ugame_input_button@@$0HC@@@YAIAEAY0HC@Ugame_input_button@@@Z 00000001400039e0 f i game.obj
 0001:000029f0       ??$IsPow2@_K@@YAI_K@Z      00000001400039f0 f i game.obj
 0001:00002a30       ?AtomicIncrementU64@@YA_KPEC_K@Z 0000000140003a30 f i game.obj
 0001:00002a50       ?ConsumeSize@@YAPEAXPEAUpiece@@_K@Z 0000000140003a50 f i game.obj
 0001:00002af0       ?EnterTicketMutex@@YAXPEAUticket_mutex@@@Z 0000000140003af0 f i game.obj
 0001:00002b60       ?IsNewlyPressed@@YAIPEAUgame_input_button@@@Z 0000000140003b60 f i game.obj
 0001:00002bc0       ?IsWindows7OrGreater@@YA_NXZ 0000000140003bc0 f i game.obj
 0001:00002be0       ?IsWindowsVersionOrGreater@@YA_NGGG@Z 0000000140003be0 f i game.obj
 0001:00002d20       ?LeaveTicketMutex@@YAXPEAUticket_mutex@@@Z 0000000140003d20 f i game.obj
 0001:00002d60       ?Win32GetClock@@YA_KXZ     0000000140003d60 f i game.obj
 0001:00002da0       ?Win32GetSecondsElapsed@@YAN_K0@Z 0000000140003da0 f i game.obj
 0001:00002e00       ?Win32GetWindowClientDimension@@YA?AUrectangle@@PEAUHWND__@@@Z 0000000140003e00 f i game.obj
 0001:00002e80       ?Win32ProcessKeyboardOrMouseButton@@YAXPEAUgame_input_button@@I@Z 0000000140003e80 f i game.obj
 0001:00002ed0       ?Win32ProcessXInputDigitalButton@@YAXPEAUgame_input_button@@KK@Z 0000000140003ed0 f i game.obj
 0001:00002f60       ?Win32ProcessXInputStickValue@@YAMFF@Z 0000000140003f60 f i game.obj
 0001:00003010       ?YieldProcessor@@YAXXZ     0000000140004010 f i game.obj
 0001:00003060       ??$__crt_fast_decode_pointer@P6AXPEAU_RTL_CONDITION_VARIABLE@@@Z@@YAP6AXPEAU_RTL_CONDITION_VARIABLE@@@ZQ6AX0@Z@Z 0000000140004060 f i MSVCRTD:thread_safe_statics.obj
 0001:00003060       ??$__crt_fast_decode_pointer@P6AHPEAU_RTL_CONDITION_VARIABLE@@PEAU_RTL_CRITICAL_SECTION@@K@Z@@YAP6AHPEAU_RTL_CONDITION_VARIABLE@@PEAU_RTL_CRITICAL_SECTION@@K@ZQ6AH01K@Z@Z 0000000140004060 f i MSVCRTD:thread_safe_statics.obj
 0001:00003060       ??$__crt_fast_decode_pointer@PEAP6AXXZ@@YAPEAP6AXXZQEAP6AXXZ@Z 0000000140004060 f i MSVCRTD:utility.obj
 0001:000030a0       ??$__crt_fast_encode_pointer@P6AXPEAU_RTL_CONDITION_VARIABLE@@@Z@@YAP6AXPEAU_RTL_CONDITION_VARIABLE@@@ZQ6AX0@Z@Z 00000001400040a0 f i MSVCRTD:thread_safe_statics.obj
 0001:000030a0       ??$__crt_fast_encode_pointer@PEAP6AXXZ@@YAPEAP6AXXZQEAP6AXXZ@Z 00000001400040a0 f i MSVCRTD:utility.obj
 0001:000030a0       ??$__crt_fast_encode_pointer@P6AHPEAU_RTL_CONDITION_VARIABLE@@PEAU_RTL_CRITICAL_SECTION@@K@Z@@YAP6AHPEAU_RTL_CONDITION_VARIABLE@@PEAU_RTL_CRITICAL_SECTION@@K@ZQ6AH01K@Z@Z 00000001400040a0 f i MSVCRTD:thread_safe_statics.obj
 0001:000030e0       ?__crt_rotate_pointer_value@@YA_K_KH@Z 00000001400040e0 f i MSVCRTD:thread_safe_statics.obj
 0001:00003250       ?__scrt_is_event_api_used@@YA_NQEAX@Z 0000000140004250 f i MSVCRTD:thread_safe_statics.obj
 0001:000032d0       _Init_thread_footer        00000001400042d0 f   MSVCRTD:thread_safe_statics.obj
 0001:00003330       _Init_thread_header        0000000140004330 f   MSVCRTD:thread_safe_statics.obj
 0001:000033c0       _Init_thread_lock          00000001400043c0 f   MSVCRTD:thread_safe_statics.obj
 0001:000033e0       _Init_thread_notify        00000001400043e0 f   MSVCRTD:thread_safe_statics.obj
 0001:00003450       _Init_thread_unlock        0000000140004450 f   MSVCRTD:thread_safe_statics.obj
 0001:00003470       _Init_thread_wait          0000000140004470 f   MSVCRTD:thread_safe_statics.obj
 0001:00003530       __GSHandlerCheck           0000000140004530 f   MSVCRTD:gshandler.obj
 0001:00003570       __GSHandlerCheckCommon     0000000140004570 f   MSVCRTD:gshandler.obj
 0001:00003680       __security_check_cookie    0000000140004680 f   MSVCRTD:amdsecgs.obj
 0001:00003960       ?configure_argv@__scrt_narrow_argv_policy@@SAHXZ 0000000140004960 f i MSVCRTD:exe_winmain.obj
 0001:00003980       ?initialize_environment@__scrt_narrow_environment_policy@@SAHXZ 0000000140004980 f i MSVCRTD:exe_winmain.obj
 0001:000039d0       ?set_app_type@__scrt_winmain_policy@@SAXXZ 00000001400049d0 f i MSVCRTD:exe_winmain.obj
 0001:000039f0       ?set_commode@__scrt_file_policy@@SAXXZ 00000001400049f0 f i MSVCRTD:exe_winmain.obj
 0001:00003a10       ?set_fmode@__scrt_file_policy@@SAXXZ 0000000140004a10 f i MSVCRTD:exe_winmain.obj
 0001:00003a30       WinMainCRTStartup          0000000140004a30 f   MSVCRTD:exe_winmain.obj
 0001:00003ba0       NtCurrentTeb               0000000140004ba0 f i MSVCRTD:utility.obj
 0001:00003bb0       __scrt_acquire_startup_lock 0000000140004bb0 f   MSVCRTD:utility.obj
 0001:00003c20       __scrt_initialize_crt      0000000140004c20 f   MSVCRTD:utility.obj
 0001:00003c70       __scrt_initialize_onexit_tables 0000000140004c70 f   MSVCRTD:utility.obj
 0001:00003d80       __scrt_is_nonwritable_in_current_image 0000000140004d80 f   MSVCRTD:utility.obj
 0001:00003e10       __scrt_release_startup_lock 0000000140004e10 f   MSVCRTD:utility.obj
 0001:00003e40       __scrt_uninitialize_crt    0000000140004e40 f   MSVCRTD:utility.obj
 0001:00003e80       _onexit                    0000000140004e80 f   MSVCRTD:utility.obj
 0001:00003f10       atexit                     0000000140004f10 f   MSVCRTD:utility.obj
 0001:00003f50       __crt_debugger_hook        0000000140004f50 f   MSVCRTD:utility_desktop.obj
 0001:00003f60       __scrt_fastfail            0000000140004f60 f   MSVCRTD:utility_desktop.obj
 0001:00004100       __scrt_get_show_window_mode 0000000140005100 f   MSVCRTD:utility_desktop.obj
 0001:00004160       __scrt_initialize_mta      0000000140005160 f   MSVCRTD:utility_desktop.obj
 0001:00004170       _get_startup_new_mode      0000000140005170 f   MSVCRTD:new_mode.obj
 0001:00004170       __scrt_stub_for_initialize_mta 0000000140005170 f   MSVCRTD:utility_desktop.obj
 0001:00004170       _get_startup_commit_mode   0000000140005170 f   MSVCRTD:commit_mode.obj
 0001:00004170       _get_startup_thread_locale_mode 0000000140005170 f   MSVCRTD:thread_locale.obj
 0001:00004170       __scrt_exe_initialize_mta  0000000140005170 f   MSVCRTD:utility_desktop.obj
 0001:00004170       __scrt_initialize_winrt    0000000140005170 f   MSVCRTD:utility_desktop.obj
 0001:00004180       __scrt_is_managed_app      0000000140005180 f   MSVCRTD:utility_desktop.obj
 0001:00004230       __scrt_set_unhandled_exception_filter 0000000140005230 f   MSVCRTD:utility_desktop.obj
 0001:00004250       __scrt_unhandled_exception_filter 0000000140005250 f   MSVCRTD:utility_desktop.obj
 0001:000042d0       _guard_check_icall_nop     00000001400052d0 f i MSVCRTD:guard_support.obj
 0001:000042e0       __raise_securityfailure    00000001400052e0 f   MSVCRTD:gs_report.obj
 0001:00004320       __report_gsfailure         0000000140005320 f   MSVCRTD:gs_report.obj
 0001:00004580       __security_init_cookie     0000000140005580 f   MSVCRTD:gs_support.obj
 0001:00004600       _matherr                   0000000140005600 f   MSVCRTD:matherr.obj
 0001:00004610       _get_startup_argv_mode     0000000140005610 f   MSVCRTD:argv_mode.obj
 0001:00004620       _get_startup_file_mode     0000000140005620 f   MSVCRTD:file_mode.obj
 0001:00004630       ?__scrt_initialize_type_info@@YAXXZ 0000000140005630 f   MSVCRTD:tncleanup.obj
 0001:00004650       _should_initialize_environment 0000000140005650 f   MSVCRTD:env_mode.obj
 0001:00004650       __scrt_stub_for_acrt_initialize 0000000140005650 f   MSVCRTD:ucrt_stubs.obj
 0001:00004650       __acrt_initialize          0000000140005650 f   MSVCRTD:ucrt_stubs.obj
 0001:00004650       __vcrt_initialize          0000000140005650 f   MSVCRTD:ucrt_stubs.obj
 0001:00004660       _initialize_denormal_control 0000000140005660 f   MSVCRTD:denormal_control.obj
 0001:00004660       _initialize_invalid_parameter_handler 0000000140005660 f   MSVCRTD:invalid_parameter_handler.obj
 0001:00004670       __local_stdio_printf_options 0000000140005670 f i MSVCRTD:default_local_stdio_options.obj
 0001:00004680       __local_stdio_scanf_options 0000000140005680 f i MSVCRTD:default_local_stdio_options.obj
 0001:00004690       __scrt_initialize_default_local_stdio_options 0000000140005690 f   MSVCRTD:default_local_stdio_options.obj
 0001:000046e0       __scrt_is_user_matherr_present 00000001400056e0 f   MSVCRTD:matherr_detection.obj
 0001:00004710       __scrt_get_dyn_tls_init_callback 0000000140005710 f   MSVCRTD:dyn_tls_init.obj
 0001:00004720       __scrt_get_dyn_tls_dtor_callback 0000000140005720 f   MSVCRTD:dyn_tls_dtor.obj
 0001:00004730       _RTC_Initialize            0000000140005730 f   MSVCRTD:initsect.obj
 0001:00004780       _RTC_Terminate             0000000140005780 f   MSVCRTD:initsect.obj
 0001:000047d0       __isa_available_init       00000001400057d0 f   MSVCRTD:cpu_disp.obj
 0001:00004b40       __scrt_is_ucrt_dll_in_use  0000000140005b40 f   MSVCRTD:ucrt_detection.obj
 0001:00004b70       IsProcessorFeaturePresent  0000000140005b70 f   kernel32:KERNEL32.dll
 0001:00004b76       __C_specific_handler       0000000140005b76 f   vcruntimed:VCRUNTIME140D.dll
 0001:00004b7c       __CxxFrameHandler3         0000000140005b7c f   vcruntimed:VCRUNTIME140D.dll
 0001:00004b82       _CrtDbgReportW             0000000140005b82 f   ucrtd:ucrtbased.dll
 0001:00004b88       _seh_filter_exe            0000000140005b88 f   ucrtd:ucrtbased.dll
 0001:00004b8e       _set_app_type              0000000140005b8e f   ucrtd:ucrtbased.dll
 0001:00004b94       __setusermatherr           0000000140005b94 f   ucrtd:ucrtbased.dll
 0001:00004b9a       _configure_narrow_argv     0000000140005b9a f   ucrtd:ucrtbased.dll
 0001:00004ba0       _initialize_narrow_environment 0000000140005ba0 f   ucrtd:ucrtbased.dll
 0001:00004ba6       _get_narrow_winmain_command_line 0000000140005ba6 f   ucrtd:ucrtbased.dll
 0001:00004bac       _initterm                  0000000140005bac f   ucrtd:ucrtbased.dll
 0001:00004bb2       _initterm_e                0000000140005bb2 f   ucrtd:ucrtbased.dll
 0001:00004bb8       exit                       0000000140005bb8 f   ucrtd:ucrtbased.dll
 0001:00004bbe       _exit                      0000000140005bbe f   ucrtd:ucrtbased.dll
 0001:00004bc4       _set_fmode                 0000000140005bc4 f   ucrtd:ucrtbased.dll
 0001:00004bca       _cexit                     0000000140005bca f   ucrtd:ucrtbased.dll
 0001:00004bd0       _c_exit                    0000000140005bd0 f   ucrtd:ucrtbased.dll
 0001:00004bd6       _register_thread_local_exe_atexit_callback 0000000140005bd6 f   ucrtd:ucrtbased.dll
 0001:00004bdc       _configthreadlocale        0000000140005bdc f   ucrtd:ucrtbased.dll
 0001:00004be2       _set_new_mode              0000000140005be2 f   ucrtd:ucrtbased.dll
 0001:00004be8       __p__commode               0000000140005be8 f   ucrtd:ucrtbased.dll
 0001:00004bee       _initialize_onexit_table   0000000140005bee f   ucrtd:ucrtbased.dll
 0001:00004bf4       _register_onexit_function  0000000140005bf4 f   ucrtd:ucrtbased.dll
 0001:00004bfa       _crt_atexit                0000000140005bfa f   ucrtd:ucrtbased.dll
 0001:00004c00       terminate                  0000000140005c00 f   ucrtd:ucrtbased.dll
 0001:00004c10       __acrt_uninitialize        0000000140005c10 f   MSVCRTD:ucrt_stubs.obj
 0001:00004c10       __vcrt_uninitialize        0000000140005c10 f   MSVCRTD:ucrt_stubs.obj
 0001:00004c10       __scrt_stub_for_acrt_uninitialize 0000000140005c10 f   MSVCRTD:ucrt_stubs.obj
 0001:00004c30       _guard_dispatch_icall_nop  0000000140005c30 f   MSVCRTD:guard_dispatch.obj
 0002:00000000       __imp_PatBlt               0000000140006000     gdi32:GDI32.dll
 0002:00000008       __imp_GetDeviceCaps        0000000140006008     gdi32:GDI32.dll
 0002:00000010       __imp_StretchDIBits        0000000140006010     gdi32:GDI32.dll
 0002:00000018       \177GDI32_NULL_THUNK_DATA  0000000140006018     gdi32:GDI32.dll
 0002:00000020       __imp_SetUnhandledExceptionFilter 0000000140006020     kernel32:KERNEL32.dll
 0002:00000028       __imp_UnhandledExceptionFilter 0000000140006028     kernel32:KERNEL32.dll
 0002:00000030       __imp_IsDebuggerPresent    0000000140006030     kernel32:KERNEL32.dll
 0002:00000038       __imp_RtlVirtualUnwind     0000000140006038     kernel32:KERNEL32.dll
 0002:00000040       __imp_RtlLookupFunctionEntry 0000000140006040     kernel32:KERNEL32.dll
 0002:00000048       __imp_RtlCaptureContext    0000000140006048     kernel32:KERNEL32.dll
 0002:00000050       __imp_GetModuleHandleW     0000000140006050     kernel32:KERNEL32.dll
 0002:00000058       __imp_CreateEventW         0000000140006058     kernel32:KERNEL32.dll
 0002:00000060       __imp_GetStartupInfoW      0000000140006060     kernel32:KERNEL32.dll
 0002:00000068       __imp_ResetEvent           0000000140006068     kernel32:KERNEL32.dll
 0002:00000070       __imp_DeleteCriticalSection 0000000140006070     kernel32:KERNEL32.dll
 0002:00000078       __imp_InitializeCriticalSectionAndSpinCount 0000000140006078     kernel32:KERNEL32.dll
 0002:00000080       __imp_LeaveCriticalSection 0000000140006080     kernel32:KERNEL32.dll
 0002:00000088       __imp_EnterCriticalSection 0000000140006088     kernel32:KERNEL32.dll
 0002:00000090       __imp_CloseHandle          0000000140006090     kernel32:KERNEL32.dll
 0002:00000098       __imp_VerifyVersionInfoW   0000000140006098     kernel32:KERNEL32.dll
 0002:000000a0       __imp_LoadLibraryA         00000001400060a0     kernel32:KERNEL32.dll
 0002:000000a8       __imp_GetProcAddress       00000001400060a8     kernel32:KERNEL32.dll
 0002:000000b0       __imp_IsProcessorFeaturePresent 00000001400060b0     kernel32:KERNEL32.dll
 0002:000000b8       __imp_GetCurrentProcess    00000001400060b8     kernel32:KERNEL32.dll
 0002:000000c0       __imp_WaitForSingleObjectEx 00000001400060c0     kernel32:KERNEL32.dll
 0002:000000c8       __imp_SetEvent             00000001400060c8     kernel32:KERNEL32.dll
 0002:000000d0       __imp_InitializeSListHead  00000001400060d0     kernel32:KERNEL32.dll
 0002:000000d8       __imp_GetSystemTimeAsFileTime 00000001400060d8     kernel32:KERNEL32.dll
 0002:000000e0       __imp_GetCurrentProcessId  00000001400060e0     kernel32:KERNEL32.dll
 0002:000000e8       __imp_VerSetConditionMask  00000001400060e8     kernel32:KERNEL32.dll
 0002:000000f0       __imp_RaiseException       00000001400060f0     kernel32:KERNEL32.dll
 0002:000000f8       __imp_QueryPerformanceCounter 00000001400060f8     kernel32:KERNEL32.dll
 0002:00000100       __imp_QueryPerformanceFrequency 0000000140006100     kernel32:KERNEL32.dll
 0002:00000108       __imp_Sleep                0000000140006108     kernel32:KERNEL32.dll
 0002:00000110       __imp_GetCurrentThreadId   0000000140006110     kernel32:KERNEL32.dll
 0002:00000118       __imp_GlobalMemoryStatusEx 0000000140006118     kernel32:KERNEL32.dll
 0002:00000120       __imp_GetNativeSystemInfo  0000000140006120     kernel32:KERNEL32.dll
 0002:00000128       __imp_VirtualAlloc         0000000140006128     kernel32:KERNEL32.dll
 0002:00000130       __imp_VirtualFree          0000000140006130     kernel32:KERNEL32.dll
 0002:00000138       __imp_FreeLibrary          0000000140006138     kernel32:KERNEL32.dll
 0002:00000140       __imp_GetModuleFileNameA   0000000140006140     kernel32:KERNEL32.dll
 0002:00000148       __imp_TerminateProcess     0000000140006148     kernel32:KERNEL32.dll
 0002:00000150       \177KERNEL32_NULL_THUNK_DATA 0000000140006150     kernel32:KERNEL32.dll
 0002:00000158       __imp_GetRawInputData      0000000140006158     user32:USER32.dll
 0002:00000160       __imp_LoadCursorA          0000000140006160     user32:USER32.dll
 0002:00000168       __imp_SetCursor            0000000140006168     user32:USER32.dll
 0002:00000170       __imp_GetClientRect        0000000140006170     user32:USER32.dll
 0002:00000178       __imp_EndPaint             0000000140006178     user32:USER32.dll
 0002:00000180       __imp_BeginPaint           0000000140006180     user32:USER32.dll
 0002:00000188       __imp_RegisterWindowMessageA 0000000140006188     user32:USER32.dll
 0002:00000190       __imp_ReleaseDC            0000000140006190     user32:USER32.dll
 0002:00000198       __imp_GetDC                0000000140006198     user32:USER32.dll
 0002:000001a0       __imp_RegisterRawInputDevices 00000001400061a0     user32:USER32.dll
 0002:000001a8       __imp_ShowWindow           00000001400061a8     user32:USER32.dll
 0002:000001b0       __imp_DestroyWindow        00000001400061b0     user32:USER32.dll
 0002:000001b8       __imp_CreateWindowExA      00000001400061b8     user32:USER32.dll
 0002:000001c0       __imp_UnregisterClassA     00000001400061c0     user32:USER32.dll
 0002:000001c8       __imp_RegisterClassA       00000001400061c8     user32:USER32.dll
 0002:000001d0       __imp_PostQuitMessage      00000001400061d0     user32:USER32.dll
 0002:000001d8       __imp_DefWindowProcA       00000001400061d8     user32:USER32.dll
 0002:000001e0       __imp_PeekMessageA         00000001400061e0     user32:USER32.dll
 0002:000001e8       __imp_DispatchMessageA     00000001400061e8     user32:USER32.dll
 0002:000001f0       __imp_TranslateMessage     00000001400061f0     user32:USER32.dll
 0002:000001f8       __imp_MapVirtualKeyA       00000001400061f8     user32:USER32.dll
 0002:00000200       \177USER32_NULL_THUNK_DATA 0000000140006200     user32:USER32.dll
 0002:00000208       __imp___CxxFrameHandler3   0000000140006208     vcruntimed:VCRUNTIME140D.dll
 0002:00000210       __imp___C_specific_handler 0000000140006210     vcruntimed:VCRUNTIME140D.dll
 0002:00000218       \177VCRUNTIME140D_NULL_THUNK_DATA 0000000140006218     vcruntimed:VCRUNTIME140D.dll
 0002:00000220       __imp_timeBeginPeriod      0000000140006220     winmm:WINMM.dll
 0002:00000228       __imp_timeEndPeriod        0000000140006228     winmm:WINMM.dll
 0002:00000230       \177WINMM_NULL_THUNK_DATA  0000000140006230     winmm:WINMM.dll
 0002:00000238       __imp__CrtDbgReportW       0000000140006238     ucrtd:ucrtbased.dll
 0002:00000240       __imp__seh_filter_exe      0000000140006240     ucrtd:ucrtbased.dll
 0002:00000248       __imp__set_app_type        0000000140006248     ucrtd:ucrtbased.dll
 0002:00000250       __imp___setusermatherr     0000000140006250     ucrtd:ucrtbased.dll
 0002:00000258       __imp__configure_narrow_argv 0000000140006258     ucrtd:ucrtbased.dll
 0002:00000260       __imp__initialize_narrow_environment 0000000140006260     ucrtd:ucrtbased.dll
 0002:00000268       __imp__get_narrow_winmain_command_line 0000000140006268     ucrtd:ucrtbased.dll
 0002:00000270       __imp__initterm            0000000140006270     ucrtd:ucrtbased.dll
 0002:00000278       __imp__initterm_e          0000000140006278     ucrtd:ucrtbased.dll
 0002:00000280       __imp_exit                 0000000140006280     ucrtd:ucrtbased.dll
 0002:00000288       __imp__exit                0000000140006288     ucrtd:ucrtbased.dll
 0002:00000290       __imp__set_fmode           0000000140006290     ucrtd:ucrtbased.dll
 0002:00000298       __imp__cexit               0000000140006298     ucrtd:ucrtbased.dll
 0002:000002a0       __imp__c_exit              00000001400062a0     ucrtd:ucrtbased.dll
 0002:000002a8       __imp__register_thread_local_exe_atexit_callback 00000001400062a8     ucrtd:ucrtbased.dll
 0002:000002b0       __imp__configthreadlocale  00000001400062b0     ucrtd:ucrtbased.dll
 0002:000002b8       __imp__set_new_mode        00000001400062b8     ucrtd:ucrtbased.dll
 0002:000002c0       __imp___p__commode         00000001400062c0     ucrtd:ucrtbased.dll
 0002:000002c8       __imp__initialize_onexit_table 00000001400062c8     ucrtd:ucrtbased.dll
 0002:000002d0       __imp__register_onexit_function 00000001400062d0     ucrtd:ucrtbased.dll
 0002:000002d8       __imp__crt_atexit          00000001400062d8     ucrtd:ucrtbased.dll
 0002:000002e0       __imp_terminate            00000001400062e0     ucrtd:ucrtbased.dll
 0002:000002e8       \177ucrtbased_NULL_THUNK_DATA 00000001400062e8     ucrtd:ucrtbased.dll
 0002:000002f0       __guard_check_icall_fptr   00000001400062f0     MSVCRTD:guard_support.obj
 0002:000002f8       __guard_dispatch_icall_fptr 00000001400062f8     MSVCRTD:guard_support.obj
 0002:00000300       __xc_a                     0000000140006300     MSVCRTD:initializers.obj
 0002:00000310       __xc_z                     0000000140006310     MSVCRTD:initializers.obj
 0002:00000318       __xi_a                     0000000140006318     MSVCRTD:initializers.obj
 0002:00000338       __xi_z                     0000000140006338     MSVCRTD:initializers.obj
 0002:00000340       __xl_a                     0000000140006340     MSVCRTD:tlssup.obj
 0002:00000348       __xl_z                     0000000140006348     MSVCRTD:tlssup.obj
 0002:00000350       __xp_a                     0000000140006350     MSVCRTD:initializers.obj
 0002:00000358       __xp_z                     0000000140006358     MSVCRTD:initializers.obj
 0002:00000360       __xt_a                     0000000140006360     MSVCRTD:initializers.obj
 0002:00000368       __xt_z                     0000000140006368     MSVCRTD:initializers.obj
 0002:00000408       __real@3f4ccccd            0000000140006408     game.obj
 0002:00000410       __real@3ff0000000000000    0000000140006410     game.obj
 0002:00000418       __real@408f400000000000    0000000140006418     game.obj
 0002:00000420       __real@412e848000000000    0000000140006420     game.obj
 0002:00000428       __real@43f0000000000000    0000000140006428     game.obj
 0002:00000430       __real@46fffe00            0000000140006430     game.obj
 0002:00000434       __real@47000000            0000000140006434     game.obj
 0002:00000438       __real@5f000000            0000000140006438     game.obj
 0002:0000043c       __real@5f800000            000000014000643c     game.obj
 0002:00000490       ??_C@_17CNPHIMPH@?$AA?$CF?$AAl?$AAs@ 0000000140006490     MSVCRTD:thread_safe_statics.obj
 0002:000004a0       ??_C@_1EC@JIJBPKFM@?$AAa?$AAp?$AAi?$AA?9?$AAm?$AAs?$AA?9?$AAw?$AAi?$AAn?$AA?9?$AAc?$AAo?$AAr?$AAe@ 00000001400064a0     MSVCRTD:thread_safe_statics.obj
 0002:000004e8       ??_C@_1BK@MGMFAEKH@?$AAk?$AAe?$AAr?$AAn?$AAe?$AAl?$AA3?$AA2?$AA?4?$AAd?$AAl?$AAl@ 00000001400064e8     MSVCRTD:thread_safe_statics.obj
 0002:00000508       ??_C@_0BM@HLJJNPAH@InitializeConditionVariable@ 0000000140006508     MSVCRTD:thread_safe_statics.obj
 0002:00000528       ??_C@_0BJ@JEBJOJFJ@SleepConditionVariableCS@ 0000000140006528     MSVCRTD:thread_safe_statics.obj
 0002:00000548       ??_C@_0BJ@PGPPEPCC@WakeAllConditionVariable@ 0000000140006548     MSVCRTD:thread_safe_statics.obj
 0002:00000570       ??_C@_1JM@GGNHHFKM@?$AAd?$AA?3?$AA?2?$AAa?$AAg?$AAe?$AAn?$AAt?$AA?2?$AA_?$AAw?$AAo?$AAr?$AAk?$AA?2@ 0000000140006570     MSVCRTD:thread_safe_statics.obj
 0002:00000680       _load_config_used          0000000140006680     MSVCRTD:loadcfg.obj
 0002:00000780       _tls_used                  0000000140006780     MSVCRTD:tlssup.obj
 0002:00000ac0       __rtc_iaa                  0000000140006ac0     MSVCRTD:initsect.obj
 0002:00000ac8       __rtc_izz                  0000000140006ac8     MSVCRTD:initsect.obj
 0002:00000ad0       __rtc_taa                  0000000140006ad0     MSVCRTD:initsect.obj
 0002:00000ad8       __rtc_tzz                  0000000140006ad8     MSVCRTD:initsect.obj
 0002:00000ae0       _tls_start                 0000000140006ae0     MSVCRTD:tlssup.obj
 0002:00000ae4       _Init_thread_epoch         0000000140006ae4     MSVCRTD:thread_safe_statics.obj
 0002:00000ae8       _tls_end                   0000000140006ae8     MSVCRTD:tlssup.obj
 0002:00000cfc       __IMPORT_DESCRIPTOR_USER32 0000000140006cfc     user32:USER32.dll
 0002:00000d10       __IMPORT_DESCRIPTOR_GDI32  0000000140006d10     gdi32:GDI32.dll
 0002:00000d24       __IMPORT_DESCRIPTOR_WINMM  0000000140006d24     winmm:WINMM.dll
 0002:00000d38       __IMPORT_DESCRIPTOR_KERNEL32 0000000140006d38     kernel32:KERNEL32.dll
 0002:00000d4c       __IMPORT_DESCRIPTOR_VCRUNTIME140D 0000000140006d4c     vcruntimed:VCRUNTIME140D.dll
 0002:00000d60       __IMPORT_DESCRIPTOR_ucrtbased 0000000140006d60     ucrtd:ucrtbased.dll
 0002:00000d74       __NULL_IMPORT_DESCRIPTOR   0000000140006d74     user32:USER32.dll
 0003:00000000       _Init_global_epoch         0000000140008000     MSVCRTD:thread_safe_statics.obj
 0003:00000010       __security_cookie_complement 0000000140008010     MSVCRTD:gs_cookie.obj
 0003:00000018       __security_cookie          0000000140008018     MSVCRTD:gs_cookie.obj
 0003:00000020       _fltused                   0000000140008020     MSVCRTD:fltused.obj
 0003:00000024       __scrt_native_dllmain_reason 0000000140008024     MSVCRTD:utility.obj
 0003:00000028       __scrt_default_matherr     0000000140008028     MSVCRTD:matherr.obj
 0003:00000030       __isa_available            0000000140008030     MSVCRTD:cpu_disp.obj
 0003:00000034       __isa_enabled              0000000140008034     MSVCRTD:cpu_disp.obj
 0003:00000038       __memcpy_nt_iters          0000000140008038     MSVCRTD:cpu_disp.obj
 0003:00000040       __scrt_ucrt_dll_is_in_use  0000000140008040     MSVCRTD:ucrt_stubs.obj
 0003:00000050       ?GameState@@3Ugame_state@@A 0000000140008050     game.obj
 0003:00001a68       _tls_index                 0000000140009a68     MSVCRTD:tlssup.obj
 0003:00001a70       __scrt_current_native_startup_state 0000000140009a70     MSVCRTD:utility.obj
 0003:00001a78       __scrt_native_startup_lock 0000000140009a78     MSVCRTD:utility.obj
 0003:00001ab8       __scrt_debugger_hook_flag  0000000140009ab8     MSVCRTD:utility_desktop.obj
 0003:00002030       ?__type_info_root_node@@3U__type_info_node@@A 000000014000a030     MSVCRTD:tncleanup.obj
 0003:00002040       ?_OptionsStorage@?1??__local_stdio_printf_options@@9@4_KA 000000014000a040     MSVCRTD:default_local_stdio_options.obj
 0003:00002048       ?_OptionsStorage@?1??__local_stdio_scanf_options@@9@4_KA 000000014000a048     MSVCRTD:default_local_stdio_options.obj
 0003:00002050       __favor                    000000014000a050     MSVCRTD:cpu_disp.obj
 0003:00002058       __dyn_tls_dtor_callback    000000014000a058     <common>
 0003:00002060       __dyn_tls_init_callback    000000014000a060     <common>

 entry point at        0001:00003a30

 Static symbols

 0000:ffff3000       .debug$S                   0000000140000000     kernel32:KERNEL32.dll
 0000:ffff3000       .debug$S                   0000000140000000     ucrtd:ucrtbased.dll
 0000:ffff3000       .debug$S                   0000000140000000     ucrtd:ucrtbased.dll
 0000:ffff3000       .debug$S                   0000000140000000     ucrtd:ucrtbased.dll
 0000:ffff3000       .debug$S                   0000000140000000     ucrtd:ucrtbased.dll
 0000:ffff3000       .debug$S                   0000000140000000     ucrtd:ucrtbased.dll
 0000:ffff3000       .debug$S                   0000000140000000     ucrtd:ucrtbased.dll
 0000:ffff3000       .debug$S                   0000000140000000     ucrtd:ucrtbased.dll
 0000:ffff3000       .debug$S                   0000000140000000     ucrtd:ucrtbased.dll
 0000:ffff3000       .debug$S                   0000000140000000     ucrtd:ucrtbased.dll
 0000:ffff3000       .debug$S                   0000000140000000     ucrtd:ucrtbased.dll
 0000:ffff3000       .debug$S                   0000000140000000     ucrtd:ucrtbased.dll
 0000:ffff3000       .debug$S                   0000000140000000     ucrtd:ucrtbased.dll
 0000:ffff3000       .debug$S                   0000000140000000     ucrtd:ucrtbased.dll
 0000:ffff3000       .debug$S                   0000000140000000     ucrtd:ucrtbased.dll
 0000:ffff3000       .debug$S                   0000000140000000     ucrtd:ucrtbased.dll
 0000:ffff3000       .debug$S                   0000000140000000     ucrtd:ucrtbased.dll
 0000:ffff3000       .debug$S                   0000000140000000     ucrtd:ucrtbased.dll
 0000:ffff3000       .debug$S                   0000000140000000     ucrtd:ucrtbased.dll
 0000:ffff3000       .debug$S                   0000000140000000     ucrtd:ucrtbased.dll
 0000:ffff3000       .debug$S                   0000000140000000     ucrtd:ucrtbased.dll
 0000:ffff3000       .debug$S                   0000000140000000     ucrtd:ucrtbased.dll
 0000:ffff3000       .debug$S                   0000000140000000     ucrtd:ucrtbased.dll
 0000:ffff3000       .debug$S                   0000000140000000     ucrtd:ucrtbased.dll
 0000:ffff3000       .debug$S                   0000000140000000     ucrtd:ucrtbased.dll
 0000:ffff3000       .debug$S                   0000000140000000     ucrtd:ucrtbased.dll
 0000:ffff3000       .debug$S                   0000000140000000     user32:USER32.dll
 0000:ffff3000       .debug$S                   0000000140000000     vcruntimed:VCRUNTIME140D.dll
 0000:ffff3000       .debug$S                   0000000140000000     vcruntimed:VCRUNTIME140D.dll
 0000:ffff3000       .debug$S                   0000000140000000     vcruntimed:VCRUNTIME140D.dll
 0000:ffff3000       .debug$S                   0000000140000000     user32:USER32.dll
 0000:ffff3000       .debug$S                   0000000140000000     kernel32:KERNEL32.dll
 0000:ffff3000       .debug$S                   0000000140000000     kernel32:KERNEL32.dll
 0000:ffff3000       .debug$S                   0000000140000000     kernel32:KERNEL32.dll
 0000:ffff3000       .debug$S                   0000000140000000     kernel32:KERNEL32.dll
 0000:ffff3000       .debug$S                   0000000140000000     kernel32:KERNEL32.dll
 0000:ffff3000       .debug$S                   0000000140000000     kernel32:KERNEL32.dll
 0000:ffff3000       .debug$S                   0000000140000000     kernel32:KERNEL32.dll
 0000:ffff3000       .debug$S                   0000000140000000     kernel32:KERNEL32.dll
 0000:ffff3000       .debug$S                   0000000140000000     kernel32:KERNEL32.dll
 0000:ffff3000       .debug$S                   0000000140000000     kernel32:KERNEL32.dll
 0000:ffff3000       .debug$S                   0000000140000000     kernel32:KERNEL32.dll
 0000:ffff3000       .debug$S                   0000000140000000     kernel32:KERNEL32.dll
 0000:ffff3000       .debug$S                   0000000140000000     kernel32:KERNEL32.dll
 0000:ffff3000       .debug$S                   0000000140000000     kernel32:KERNEL32.dll
 0000:ffff3000       .debug$S                   0000000140000000     kernel32:KERNEL32.dll
 0000:ffff3000       .debug$S                   0000000140000000     kernel32:KERNEL32.dll
 0000:ffff3000       .debug$S                   0000000140000000     kernel32:KERNEL32.dll
 0000:ffff3000       .debug$S                   0000000140000000     kernel32:KERNEL32.dll
 0000:ffff3000       .debug$S                   0000000140000000     kernel32:KERNEL32.dll
 0000:ffff3000       .debug$S                   0000000140000000     kernel32:KERNEL32.dll
 0000:ffff3000       .debug$S                   0000000140000000     kernel32:KERNEL32.dll
 0000:ffff3000       .debug$S                   0000000140000000     kernel32:KERNEL32.dll
 0000:ffff3000       .debug$S                   0000000140000000     kernel32:KERNEL32.dll
 0000:ffff3000       .debug$S                   0000000140000000     kernel32:KERNEL32.dll
 0000:ffff3000       .debug$S                   0000000140000000     kernel32:KERNEL32.dll
 0000:ffff3000       .debug$S                   0000000140000000     kernel32:KERNEL32.dll
 0000:ffff3000       .debug$S                   0000000140000000     kernel32:KERNEL32.dll
 0000:ffff3000       .debug$S                   0000000140000000     kernel32:KERNEL32.dll
 0000:ffff3000       .debug$S                   0000000140000000     kernel32:KERNEL32.dll
 0000:ffff3000       .debug$S                   0000000140000000     kernel32:KERNEL32.dll
 0000:ffff3000       .debug$S                   0000000140000000     user32:USER32.dll
 0000:ffff3000       .debug$S                   0000000140000000     kernel32:KERNEL32.dll
 0000:ffff3000       .debug$S                   0000000140000000     kernel32:KERNEL32.dll
 0000:ffff3000       .debug$S                   0000000140000000     kernel32:KERNEL32.dll
 0000:ffff3000       .debug$S                   0000000140000000     kernel32:KERNEL32.dll
 0000:ffff3000       .debug$S                   0000000140000000     kernel32:KERNEL32.dll
 0000:ffff3000       .debug$S                   0000000140000000     kernel32:KERNEL32.dll
 0000:ffff3000       .debug$S                   0000000140000000     kernel32:KERNEL32.dll
 0000:ffff3000       .debug$S                   0000000140000000     user32:USER32.dll
 0000:ffff3000       .debug$S                   0000000140000000     user32:USER32.dll
 0000:ffff3000       .debug$S                   0000000140000000     user32:USER32.dll
 0000:ffff3000       .debug$S                   0000000140000000     user32:USER32.dll
 0000:ffff3000       .debug$S                   0000000140000000     user32:USER32.dll
 0000:ffff3000       .debug$S                   0000000140000000     user32:USER32.dll
 0000:ffff3000       .debug$S                   0000000140000000     user32:USER32.dll
 0000:ffff3000       .debug$S                   0000000140000000     user32:USER32.dll
 0000:ffff3000       .debug$S                   0000000140000000     user32:USER32.dll
 0000:ffff3000       .debug$S                   0000000140000000     user32:USER32.dll
 0000:ffff3000       .debug$S                   0000000140000000     user32:USER32.dll
 0000:ffff3000       .debug$S                   0000000140000000     user32:USER32.dll
 0000:ffff3000       .debug$S                   0000000140000000     user32:USER32.dll
 0000:ffff3000       .debug$S                   0000000140000000     user32:USER32.dll
 0000:ffff3000       .debug$S                   0000000140000000     user32:USER32.dll
 0000:ffff3000       .debug$S                   0000000140000000     user32:USER32.dll
 0000:ffff3000       .debug$S                   0000000140000000     user32:USER32.dll
 0000:ffff3000       .debug$S                   0000000140000000     user32:USER32.dll
 0000:ffff3000       .debug$S                   0000000140000000     gdi32:GDI32.dll
 0000:ffff3000       .debug$S                   0000000140000000     gdi32:GDI32.dll
 0000:ffff3000       .debug$S                   0000000140000000     gdi32:GDI32.dll
 0000:ffff3000       .debug$S                   0000000140000000     winmm:WINMM.dll
 0000:ffff3000       .debug$S                   0000000140000000     winmm:WINMM.dll
 0001:00001580       ?Win32SetThreadName@@YAXKPEBD@Z 0000000140002580 f   game.obj
 0001:00001640       ?Win32MapVKToKeyCode@@YAIIIIIPEAW4key_code@@@Z 0000000140002640 f   game.obj
 0001:000021ac       $LN154                     00000001400031ac     game.obj
 0001:000021e8       $LN153                     00000001400031e8     game.obj
 0001:00002220       ?Win32ResizeVideoBuffer@@YAXPEAUwin32_video_buffer@@HH@Z 0000000140003220 f   game.obj
 0001:00002380       ?Win32WindowProc@@YA_JPEAUHWND__@@I_K_J@Z 0000000140003380 f   game.obj
 0001:000028a0       ?AllocPartitionBlock@@YAPEAUmemory_partition_block@@PEAU1@_K@Z 00000001400038a0 f   game.obj
 0001:00003020       ?__scrt_initialize_thread_safe_statics@@YAHXZ 0000000140004020 f   MSVCRTD:thread_safe_statics.obj
 0001:00003100       ?__scrt_initialize_thread_safe_statics_platform_specific@@YAXXZ 0000000140004100 f   MSVCRTD:thread_safe_statics.obj
 0001:00003280       ?__scrt_uninitialize_thread_safe_statics@@YAXXZ 0000000140004280 f   MSVCRTD:thread_safe_statics.obj
 0001:00003670       $$000000                   0000000140004670     MSVCRTD:amdsecgs.obj
 0001:000036b0       ?pre_c_initialization@@YAHXZ 00000001400046b0 f   MSVCRTD:exe_winmain.obj
 0001:00003770       ?post_pgo_initialization@@YAHXZ 0000000140004770 f   MSVCRTD:exe_winmain.obj
 0001:00003780       ?pre_cpp_initialization@@YAXXZ 0000000140004780 f   MSVCRTD:exe_winmain.obj
 0001:000037a0       ?__scrt_common_main@@YAHXZ 00000001400047a0 f   MSVCRTD:exe_winmain.obj
 0001:000037c0       ?__scrt_common_main_seh@@YAHXZ 00000001400047c0 f   MSVCRTD:exe_winmain.obj
 0001:00003990       ?invoke_main@@YAHXZ        0000000140004990 f   MSVCRTD:exe_winmain.obj
 0001:00003a40       ?find_pe_section@@YAPEAU_IMAGE_SECTION_HEADER@@QEAE_K@Z 0000000140004a40 f   MSVCRTD:utility.obj
 0001:00003b10       ?is_potentially_valid_image_base@@YA_NQEAX@Z 0000000140004b10 f   MSVCRTD:utility.obj
 0001:00004400       capture_previous_context   0000000140005400 f   MSVCRTD:gs_report.obj
 0001:000044c0       __get_entropy              00000001400054c0 f   MSVCRTD:gs_support.obj
 0001:00004c20       $$000000                   0000000140005c20     MSVCRTD:guard_dispatch.obj
 0001:00004c40       ?filt$0@?0??Win32SetThreadName@@YAXKPEBD@Z@4HA 0000000140005c40 f   game.obj
 0001:00004c60       ?filt$0@?0??__scrt_common_main_seh@@YAHXZ@4HA 0000000140005c60 f   MSVCRTD:exe_winmain.obj
 0001:00004c90       __scrt_is_nonwritable_in_current_image$filt$0 0000000140005c90 f   MSVCRTD:utility.obj
 0002:00000308       ?pre_cpp_initializer@@3P6AXXZEA 0000000140006308     MSVCRTD:exe_winmain.obj
 0002:00000320       ?pre_c_initializer@@3P6AHXZEA 0000000140006320     MSVCRTD:exe_winmain.obj
 0002:00000328       ?post_pgo_initializer@@3P6AHXZEA 0000000140006328     MSVCRTD:exe_winmain.obj
 0002:00000330       ?__scrt_initialize_tss_var@@3P6AHXZEA 0000000140006330     MSVCRTD:thread_safe_statics.obj
 0002:00000370       $SG81869                   0000000140006370     game.obj
 0002:00000388       $SG81872                   0000000140006388     game.obj
 0002:000003a0       $SG81881                   00000001400063a0     game.obj
 0002:000003b0       $SG81884                   00000001400063b0     game.obj
 0002:000003b8       $SG81889                   00000001400063b8     game.obj
 0002:000003c8       $SG81891                   00000001400063c8     game.obj
 0002:000003d8       $SG81893                   00000001400063d8     game.obj
 0002:000003e8       $SG81896                   00000001400063e8     game.obj
 0002:000003f8       $SG81897                   00000001400063f8     game.obj
 0002:00000440       $cppxdata$?__scrt_initialize_thread_safe_statics_platform_specific@@YAXXZ 0000000140006440     MSVCRTD:thread_safe_statics.obj
 0002:00000468       $cppxdata$?__scrt_uninitialize_thread_safe_statics@@YAXXZ 0000000140006468     MSVCRTD:thread_safe_statics.obj
 0002:00000610       GS_ExceptionPointers       0000000140006610     MSVCRTD:gs_report.obj
 0002:00000af0       $unwind$?Win32GetSecondsElapsed@@YAN_K0@Z 0000000140006af0     game.obj
 0002:00000af0       $unwind$?Win32ProcessXInputStickValue@@YAMFF@Z 0000000140006af0     game.obj
 0002:00000af0       $unwind$?ConsumeSize@@YAPEAXPEAUpiece@@_K@Z 0000000140006af0     game.obj
 0002:00000af8       $unwind$atexit             0000000140006af8     MSVCRTD:utility.obj
 0002:00000af8       $unwind$__report_gsfailure 0000000140006af8     MSVCRTD:gs_report.obj
 0002:00000af8       $unwind$__scrt_unhandled_exception_filter 0000000140006af8     MSVCRTD:utility_desktop.obj
 0002:00000af8       $unwind$?EnterTicketMutex@@YAXPEAUticket_mutex@@@Z 0000000140006af8     game.obj
 0002:00000b00       $unwind$??$__crt_fast_decode_pointer@P6AHPEAU_RTL_CONDITION_VARIABLE@@PEAU_RTL_CRITICAL_SECTION@@K@Z@@YAP6AHPEAU_RTL_CONDITION_VARIABLE@@PEAU_RTL_CRITICAL_SECTION@@K@ZQ6AH01K@Z@Z 0000000140006b00     MSVCRTD:thread_safe_statics.obj
 0002:00000b00       $unwind$??$__crt_fast_decode_pointer@P6AXPEAU_RTL_CONDITION_VARIABLE@@@Z@@YAP6AXPEAU_RTL_CONDITION_VARIABLE@@@ZQ6AX0@Z@Z 0000000140006b00     MSVCRTD:thread_safe_statics.obj
 0002:00000b00       $unwind$??$__crt_fast_encode_pointer@PEAP6AXXZ@@YAPEAP6AXXZQEAP6AXXZ@Z 0000000140006b00     MSVCRTD:utility.obj
 0002:00000b00       $unwind$??$__crt_fast_encode_pointer@P6AXPEAU_RTL_CONDITION_VARIABLE@@@Z@@YAP6AXPEAU_RTL_CONDITION_VARIABLE@@@ZQ6AX0@Z@Z 0000000140006b00     MSVCRTD:thread_safe_statics.obj
 0002:00000b00       $unwind$??$__crt_fast_encode_pointer@P6AHPEAU_RTL_CONDITION_VARIABLE@@PEAU_RTL_CRITICAL_SECTION@@K@Z@@YAP6AHPEAU_RTL_CONDITION_VARIABLE@@PEAU_RTL_CRITICAL_SECTION@@K@ZQ6AH01K@Z@Z 0000000140006b00     MSVCRTD:thread_safe_statics.obj
 0002:00000b00       $unwind$?is_potentially_valid_image_base@@YA_NQEAX@Z 0000000140006b00     MSVCRTD:utility.obj
 0002:00000b00       $unwind$_Init_thread_footer 0000000140006b00     MSVCRTD:thread_safe_statics.obj
 0002:00000b00       $unwind$_Init_thread_header 0000000140006b00     MSVCRTD:thread_safe_statics.obj
 0002:00000b00       $unwind$??$__crt_fast_decode_pointer@PEAP6AXXZ@@YAPEAP6AXXZQEAP6AXXZ@Z 0000000140006b00     MSVCRTD:utility.obj
 0002:00000b00       $unwind$?LeaveTicketMutex@@YAXPEAUticket_mutex@@@Z 0000000140006b00     game.obj
 0002:00000b00       $unwind$__raise_securityfailure 0000000140006b00     MSVCRTD:gs_report.obj
 0002:00000b08       $unwind$?InitializePartition@@YAIPEAUmemory_partition@@_K1@Z 0000000140006b08     game.obj
 0002:00000b10       $unwind$?ResetPartition@@YAXPEAUmemory_partition@@@Z 0000000140006b10     game.obj
 0002:00000b18       $unwind$?PushSize@@YAPEAXPEAUmemory_partition@@_K@Z 0000000140006b18     game.obj
 0002:00000b20       $unwind$?GameUpdate@@YAXW4game_update_type@@@Z 0000000140006b20     game.obj
 0002:00000b28       $unwind$WinMain            0000000140006b28     game.obj
 0002:00000b3c       $unwind$?Win32SetThreadName@@YAXKPEBD@Z 0000000140006b3c     game.obj
 0002:00000b5c       $unwind$?filt$0@?0??Win32SetThreadName@@YAXKPEBD@Z@4HA 0000000140006b5c     game.obj
 0002:00000b64       $unwind$?Win32MapVKToKeyCode@@YAIIIIIPEAW4key_code@@@Z 0000000140006b64     game.obj
 0002:00000b6c       $unwind$?Win32ResizeVideoBuffer@@YAXPEAUwin32_video_buffer@@HH@Z 0000000140006b6c     game.obj
 0002:00000b74       $unwind$?Win32WindowProc@@YA_JPEAUHWND__@@I_K_J@Z 0000000140006b74     game.obj
 0002:00000b88       $unwind$?AllocPartitionBlock@@YAPEAUmemory_partition_block@@PEAU1@_K@Z 0000000140006b88     game.obj
 0002:00000b90       $unwind$??$IsPow2@_K@@YAI_K@Z 0000000140006b90     game.obj
 0002:00000b90       $unwind$?__scrt_is_event_api_used@@YA_NQEAX@Z 0000000140006b90     MSVCRTD:thread_safe_statics.obj
 0002:00000b90       $unwind$?IsNewlyPressed@@YAIPEAUgame_input_button@@@Z 0000000140006b90     game.obj
 0002:00000b98       $unwind$?IsWindowsVersionOrGreater@@YA_NGGG@Z 0000000140006b98     game.obj
 0002:00000bac       $unwind$?__scrt_common_main@@YAHXZ 0000000140006bac     MSVCRTD:exe_winmain.obj
 0002:00000bac       $unwind$?__scrt_initialize_thread_safe_statics@@YAHXZ 0000000140006bac     MSVCRTD:thread_safe_statics.obj
 0002:00000bac       $unwind$?initialize_environment@__scrt_narrow_environment_policy@@SAHXZ 0000000140006bac     MSVCRTD:exe_winmain.obj
 0002:00000bac       $unwind$?IsWindows7OrGreater@@YA_NXZ 0000000140006bac     game.obj
 0002:00000bac       $unwind$?configure_argv@__scrt_narrow_argv_policy@@SAHXZ 0000000140006bac     MSVCRTD:exe_winmain.obj
 0002:00000bac       $unwind$?set_fmode@__scrt_file_policy@@SAXXZ 0000000140006bac     MSVCRTD:exe_winmain.obj
 0002:00000bac       $unwind$?__scrt_initialize_type_info@@YAXXZ 0000000140006bac     MSVCRTD:tncleanup.obj
 0002:00000bac       $unwind$?pre_c_initialization@@YAHXZ 0000000140006bac     MSVCRTD:exe_winmain.obj
 0002:00000bac       $unwind$__scrt_set_unhandled_exception_filter 0000000140006bac     MSVCRTD:utility_desktop.obj
 0002:00000bac       $unwind$__scrt_initialize_mta 0000000140006bac     MSVCRTD:utility_desktop.obj
 0002:00000bac       $unwind$_Init_thread_unlock 0000000140006bac     MSVCRTD:thread_safe_statics.obj
 0002:00000bac       $unwind$?post_pgo_initialization@@YAHXZ 0000000140006bac     MSVCRTD:exe_winmain.obj
 0002:00000bac       $unwind$_Init_thread_lock  0000000140006bac     MSVCRTD:thread_safe_statics.obj
 0002:00000bac       $unwind$?pre_cpp_initialization@@YAXXZ 0000000140006bac     MSVCRTD:exe_winmain.obj
 0002:00000bac       $unwind$WinMainCRTStartup  0000000140006bac     MSVCRTD:exe_winmain.obj
 0002:00000bac       $unwind$?set_app_type@__scrt_winmain_policy@@SAXXZ 0000000140006bac     MSVCRTD:exe_winmain.obj
 0002:00000bb4       $unwind$__scrt_is_managed_app 0000000140006bb4     MSVCRTD:utility_desktop.obj
 0002:00000bb4       $unwind$__security_init_cookie 0000000140006bb4     MSVCRTD:gs_support.obj
 0002:00000bb4       $unwind$__scrt_initialize_default_local_stdio_options 0000000140006bb4     MSVCRTD:default_local_stdio_options.obj
 0002:00000bb4       $unwind$_Init_thread_notify 0000000140006bb4     MSVCRTD:thread_safe_statics.obj
 0002:00000bb4       $unwind$?set_commode@__scrt_file_policy@@SAXXZ 0000000140006bb4     MSVCRTD:exe_winmain.obj
 0002:00000bb4       $unwind$?Win32GetClock@@YA_KXZ 0000000140006bb4     game.obj
 0002:00000bb4       $unwind$?invoke_main@@YAHXZ 0000000140006bb4     MSVCRTD:exe_winmain.obj
 0002:00000bbc       $unwind$?Win32ProcessXInputDigitalButton@@YAXPEAUgame_input_button@@KK@Z 0000000140006bbc     game.obj
 0002:00000bc4       $unwind$?Win32GetWindowClientDimension@@YA?AUrectangle@@PEAUHWND__@@@Z 0000000140006bc4     game.obj
 0002:00000bd4       $unwind$??$AlignPow2@_K@@YA_K_K0@Z 0000000140006bd4     game.obj
 0002:00000bdc       $unwind$_Init_thread_wait  0000000140006bdc     MSVCRTD:thread_safe_statics.obj
 0002:00000be4       $unwind$?__scrt_initialize_thread_safe_statics_platform_specific@@YAXXZ 0000000140006be4     MSVCRTD:thread_safe_statics.obj
 0002:00000bf8       $ip2state$?__scrt_initialize_thread_safe_statics_platform_specific@@YAXXZ 0000000140006bf8     MSVCRTD:thread_safe_statics.obj
 0002:00000c00       $unwind$?__scrt_uninitialize_thread_safe_statics@@YAXXZ 0000000140006c00     MSVCRTD:thread_safe_statics.obj
 0002:00000c10       $ip2state$?__scrt_uninitialize_thread_safe_statics@@YAXXZ 0000000140006c10     MSVCRTD:thread_safe_statics.obj
 0002:00000c18       $unwind$__GSHandlerCheckCommon 0000000140006c18     MSVCRTD:gshandler.obj
 0002:00000c20       $unwind$__GSHandlerCheck   0000000140006c20     MSVCRTD:gshandler.obj
 0002:00000c28       $xdatasym                  0000000140006c28     MSVCRTD:amdsecgs.obj
 0002:00000c2c       $unwind$?__scrt_common_main_seh@@YAHXZ 0000000140006c2c     MSVCRTD:exe_winmain.obj
 0002:00000c4c       $unwind$?filt$0@?0??__scrt_common_main_seh@@YAHXZ@4HA 0000000140006c4c     MSVCRTD:exe_winmain.obj
 0002:00000c4c       $unwind$__scrt_is_nonwritable_in_current_image$filt$0 0000000140006c4c     MSVCRTD:utility.obj
 0002:00000c54       $unwind$_onexit            0000000140006c54     MSVCRTD:utility.obj
 0002:00000c5c       $unwind$__scrt_is_nonwritable_in_current_image 0000000140006c5c     MSVCRTD:utility.obj
 0002:00000c7c       $unwind$__scrt_acquire_startup_lock 0000000140006c7c     MSVCRTD:utility.obj
 0002:00000c84       $unwind$__scrt_release_startup_lock 0000000140006c84     MSVCRTD:utility.obj
 0002:00000c84       $unwind$__scrt_initialize_crt 0000000140006c84     MSVCRTD:utility.obj
 0002:00000c8c       $unwind$__scrt_uninitialize_crt 0000000140006c8c     MSVCRTD:utility.obj
 0002:00000c94       $unwind$__scrt_initialize_onexit_tables 0000000140006c94     MSVCRTD:utility.obj
 0002:00000ca0       $unwind$?find_pe_section@@YAPEAU_IMAGE_SECTION_HEADER@@QEAE_K@Z 0000000140006ca0     MSVCRTD:utility.obj
 0002:00000ca8       $unwind$__scrt_get_show_window_mode 0000000140006ca8     MSVCRTD:utility_desktop.obj
 0002:00000cb4       $unwind$__scrt_fastfail    0000000140006cb4     MSVCRTD:utility_desktop.obj
 0002:00000cc0       $unwind$capture_previous_context 0000000140006cc0     MSVCRTD:gs_report.obj
 0002:00000cc8       $unwind$__get_entropy      0000000140006cc8     MSVCRTD:gs_support.obj
 0002:00000cd0       $unwind$__scrt_is_ucrt_dll_in_use 0000000140006cd0     MSVCRTD:ucrt_detection.obj
 0002:00000cd0       $unwind$__scrt_is_user_matherr_present 0000000140006cd0     MSVCRTD:matherr_detection.obj
 0002:00000cd8       $unwind$_RTC_Initialize    0000000140006cd8     MSVCRTD:initsect.obj
 0002:00000cd8       $unwind$_RTC_Terminate     0000000140006cd8     MSVCRTD:initsect.obj
 0002:00000ce4       $unwind$__isa_available_init 0000000140006ce4     MSVCRTD:cpu_disp.obj
 0002:00000cf8       $xdatasym                  0000000140006cf8     MSVCRTD:guard_dispatch.obj
 0002:000011da       .idata$6                   00000001400071da     user32:USER32.dll
 0002:00001210       .idata$6                   0000000140007210     gdi32:GDI32.dll
 0002:0000123c       .idata$6                   000000014000723c     winmm:WINMM.dll
 0002:0000156a       .idata$6                   000000014000756a     kernel32:KERNEL32.dll
 0002:000015a6       .idata$6                   00000001400075a6     vcruntimed:VCRUNTIME140D.dll
 0002:00001762       .idata$6                   0000000140007762     ucrtd:ucrtbased.dll
 0003:00000970       ?Win32State@@3U<unnamed-type-Win32State>@@A 0000000140008970     game.obj
 0003:000019d8       ?Msg@?DD@??WinMain@@9@4UtagMSG@@A 00000001400099d8     game.obj
 0003:00001a08       ?ClientDim@?DD@??WinMain@@9@4Urectangle@@A 0000000140009a08     game.obj
 0003:00001a10       ?$TSS0@?DD@??WinMain@@9@4HA 0000000140009a10     game.obj
 0003:00001a14       ?DisplayFrequency@?DD@??WinMain@@9@4IA 0000000140009a14     game.obj
 0003:00001a18       ?$TSS1@?DD@??WinMain@@9@4HA 0000000140009a18     game.obj
 0003:00001a20       ?_Tss_mutex@@3U_RTL_CRITICAL_SECTION@@A 0000000140009a20     MSVCRTD:thread_safe_statics.obj
 0003:00001a48       ?_Tss_cv@@3U_RTL_CONDITION_VARIABLE@@A 0000000140009a48     MSVCRTD:thread_safe_statics.obj
 0003:00001a50       ?_Tss_event@@3PEAXEA       0000000140009a50     MSVCRTD:thread_safe_statics.obj
 0003:00001a58       ?encoded_sleep_condition_variable_cs@@3P6AHPEAU_RTL_CONDITION_VARIABLE@@PEAU_RTL_CRITICAL_SECTION@@K@ZEA 0000000140009a58     MSVCRTD:thread_safe_statics.obj
 0003:00001a60       ?encoded_wake_all_condition_variable@@3P6AXPEAU_RTL_CONDITION_VARIABLE@@@ZEA 0000000140009a60     MSVCRTD:thread_safe_statics.obj
 0003:00001a80       ?is_initialized_as_dll@@3_NA 0000000140009a80     MSVCRTD:utility.obj
 0003:00001a81       ?module_local_atexit_table_initialized@@3_NA 0000000140009a81     MSVCRTD:utility.obj
 0003:00001a88       ?module_local_atexit_table@@3U_onexit_table_t@@A 0000000140009a88     MSVCRTD:utility.obj
 0003:00001aa0       ?module_local_at_quick_exit_table@@3U_onexit_table_t@@A 0000000140009aa0     MSVCRTD:utility.obj
 0003:00001ac0       GS_ExceptionRecord         0000000140009ac0     MSVCRTD:gs_report.obj
 0003:00001b60       GS_ContextRecord           0000000140009b60     MSVCRTD:gs_report.obj
 0004:00000000       $pdata$?ConsumeSize@@YAPEAXPEAUpiece@@_K@Z 000000014000b000     game.obj
 0004:0000000c       $pdata$?EnterTicketMutex@@YAXPEAUticket_mutex@@@Z 000000014000b00c     game.obj
 0004:00000018       $pdata$?LeaveTicketMutex@@YAXPEAUticket_mutex@@@Z 000000014000b018     game.obj
 0004:00000024       $pdata$?InitializePartition@@YAIPEAUmemory_partition@@_K1@Z 000000014000b024     game.obj
 0004:00000030       $pdata$?ResetPartition@@YAXPEAUmemory_partition@@@Z 000000014000b030     game.obj
 0004:0000003c       $pdata$?PushSize@@YAPEAXPEAUmemory_partition@@_K@Z 000000014000b03c     game.obj
 0004:00000048       $pdata$?GameUpdate@@YAXW4game_update_type@@@Z 000000014000b048     game.obj
 0004:00000054       $pdata$WinMain             000000014000b054     game.obj
 0004:00000060       $pdata$?Win32SetThreadName@@YAXKPEBD@Z 000000014000b060     game.obj
 0004:0000006c       $pdata$?Win32MapVKToKeyCode@@YAIIIIIPEAW4key_code@@@Z 000000014000b06c     game.obj
 0004:00000078       $pdata$?Win32ResizeVideoBuffer@@YAXPEAUwin32_video_buffer@@HH@Z 000000014000b078     game.obj
 0004:00000084       $pdata$?Win32WindowProc@@YA_JPEAUHWND__@@I_K_J@Z 000000014000b084     game.obj
 0004:00000090       $pdata$?AllocPartitionBlock@@YAPEAUmemory_partition_block@@PEAU1@_K@Z 000000014000b090     game.obj
 0004:0000009c       $pdata$?IsNewlyPressed@@YAIPEAUgame_input_button@@@Z 000000014000b09c     game.obj
 0004:000000a8       $pdata$?IsWindowsVersionOrGreater@@YA_NGGG@Z 000000014000b0a8     game.obj
 0004:000000b4       $pdata$?IsWindows7OrGreater@@YA_NXZ 000000014000b0b4     game.obj
 0004:000000c0       $pdata$?filt$0@?0??Win32SetThreadName@@YAXKPEBD@Z@4HA 000000014000b0c0     game.obj
 0004:000000cc       $pdata$?Win32GetClock@@YA_KXZ 000000014000b0cc     game.obj
 0004:000000d8       $pdata$?Win32GetSecondsElapsed@@YAN_K0@Z 000000014000b0d8     game.obj
 0004:000000e4       $pdata$?Win32ProcessXInputDigitalButton@@YAXPEAUgame_input_button@@KK@Z 000000014000b0e4     game.obj
 0004:000000f0       $pdata$?Win32ProcessXInputStickValue@@YAMFF@Z 000000014000b0f0     game.obj
 0004:000000fc       $pdata$?Win32GetWindowClientDimension@@YA?AUrectangle@@PEAUHWND__@@@Z 000000014000b0fc     game.obj
 0004:00000108       $pdata$??$AlignPow2@_K@@YA_K_K0@Z 000000014000b108     game.obj
 0004:00000114       $pdata$??$IsPow2@_K@@YAI_K@Z 000000014000b114     game.obj
 0004:00000120       $pdata$_Init_thread_header 000000014000b120     MSVCRTD:thread_safe_statics.obj
 0004:0000012c       $pdata$_Init_thread_footer 000000014000b12c     MSVCRTD:thread_safe_statics.obj
 0004:00000138       $pdata$_Init_thread_lock   000000014000b138     MSVCRTD:thread_safe_statics.obj
 0004:00000144       $pdata$_Init_thread_unlock 000000014000b144     MSVCRTD:thread_safe_statics.obj
 0004:00000150       $pdata$_Init_thread_wait   000000014000b150     MSVCRTD:thread_safe_statics.obj
 0004:0000015c       $pdata$_Init_thread_notify 000000014000b15c     MSVCRTD:thread_safe_statics.obj
 0004:00000168       $pdata$?__scrt_initialize_thread_safe_statics_platform_specific@@YAXXZ 000000014000b168     MSVCRTD:thread_safe_statics.obj
 0004:00000174       $pdata$??$__crt_fast_encode_pointer@PEAP6AXXZ@@YAPEAP6AXXZQEAP6AXXZ@Z 000000014000b174     MSVCRTD:utility.obj
 0004:00000174       $pdata$??$__crt_fast_encode_pointer@P6AHPEAU_RTL_CONDITION_VARIABLE@@PEAU_RTL_CRITICAL_SECTION@@K@Z@@YAP6AHPEAU_RTL_CONDITION_VARIABLE@@PEAU_RTL_CRITICAL_SECTION@@K@ZQ6AH01K@Z@Z 000000014000b174     MSVCRTD:thread_safe_statics.obj
 0004:00000174       $pdata$??$__crt_fast_encode_pointer@P6AXPEAU_RTL_CONDITION_VARIABLE@@@Z@@YAP6AXPEAU_RTL_CONDITION_VARIABLE@@@ZQ6AX0@Z@Z 000000014000b174     MSVCRTD:thread_safe_statics.obj
 0004:00000180       $pdata$?__scrt_is_event_api_used@@YA_NQEAX@Z 000000014000b180     MSVCRTD:thread_safe_statics.obj
 0004:0000018c       $pdata$?__scrt_uninitialize_thread_safe_statics@@YAXXZ 000000014000b18c     MSVCRTD:thread_safe_statics.obj
 0004:00000198       $pdata$?__scrt_initialize_thread_safe_statics@@YAHXZ 000000014000b198     MSVCRTD:thread_safe_statics.obj
 0004:000001a4       $pdata$??$__crt_fast_decode_pointer@P6AHPEAU_RTL_CONDITION_VARIABLE@@PEAU_RTL_CRITICAL_SECTION@@K@Z@@YAP6AHPEAU_RTL_CONDITION_VARIABLE@@PEAU_RTL_CRITICAL_SECTION@@K@ZQ6AH01K@Z@Z 000000014000b1a4     MSVCRTD:thread_safe_statics.obj
 0004:000001a4       $pdata$??$__crt_fast_decode_pointer@PEAP6AXXZ@@YAPEAP6AXXZQEAP6AXXZ@Z 000000014000b1a4     MSVCRTD:utility.obj
 0004:000001a4       $pdata$??$__crt_fast_decode_pointer@P6AXPEAU_RTL_CONDITION_VARIABLE@@@Z@@YAP6AXPEAU_RTL_CONDITION_VARIABLE@@@ZQ6AX0@Z@Z 000000014000b1a4     MSVCRTD:thread_safe_statics.obj
 0004:000001b0       $pdata$__GSHandlerCheckCommon 000000014000b1b0     MSVCRTD:gshandler.obj
 0004:000001bc       $pdata$__GSHandlerCheck    000000014000b1bc     MSVCRTD:gshandler.obj
 0004:000001d4       $pdata$?configure_argv@__scrt_narrow_argv_policy@@SAHXZ 000000014000b1d4     MSVCRTD:exe_winmain.obj
 0004:000001e0       $pdata$?initialize_environment@__scrt_narrow_environment_policy@@SAHXZ 000000014000b1e0     MSVCRTD:exe_winmain.obj
 0004:000001ec       $pdata$?set_app_type@__scrt_winmain_policy@@SAXXZ 000000014000b1ec     MSVCRTD:exe_winmain.obj
 0004:000001f8       $pdata$?set_fmode@__scrt_file_policy@@SAXXZ 000000014000b1f8     MSVCRTD:exe_winmain.obj
 0004:00000204       $pdata$?set_commode@__scrt_file_policy@@SAXXZ 000000014000b204     MSVCRTD:exe_winmain.obj
 0004:00000210       $pdata$?invoke_main@@YAHXZ 000000014000b210     MSVCRTD:exe_winmain.obj
 0004:0000021c       $pdata$?pre_c_initialization@@YAHXZ 000000014000b21c     MSVCRTD:exe_winmain.obj
 0004:00000228       $pdata$?post_pgo_initialization@@YAHXZ 000000014000b228     MSVCRTD:exe_winmain.obj
 0004:00000234       $pdata$?pre_cpp_initialization@@YAXXZ 000000014000b234     MSVCRTD:exe_winmain.obj
 0004:00000240       $pdata$?__scrt_common_main_seh@@YAHXZ 000000014000b240     MSVCRTD:exe_winmain.obj
 0004:0000024c       $pdata$?filt$0@?0??__scrt_common_main_seh@@YAHXZ@4HA 000000014000b24c     MSVCRTD:exe_winmain.obj
 0004:00000258       $pdata$?__scrt_common_main@@YAHXZ 000000014000b258     MSVCRTD:exe_winmain.obj
 0004:00000264       $pdata$WinMainCRTStartup   000000014000b264     MSVCRTD:exe_winmain.obj
 0004:00000270       $pdata$atexit              000000014000b270     MSVCRTD:utility.obj
 0004:0000027c       $pdata$_onexit             000000014000b27c     MSVCRTD:utility.obj
 0004:00000288       $pdata$__scrt_is_nonwritable_in_current_image 000000014000b288     MSVCRTD:utility.obj
 0004:00000294       $pdata$__scrt_is_nonwritable_in_current_image$filt$0 000000014000b294     MSVCRTD:utility.obj
 0004:000002a0       $pdata$__scrt_acquire_startup_lock 000000014000b2a0     MSVCRTD:utility.obj
 0004:000002ac       $pdata$__scrt_release_startup_lock 000000014000b2ac     MSVCRTD:utility.obj
 0004:000002b8       $pdata$__scrt_initialize_crt 000000014000b2b8     MSVCRTD:utility.obj
 0004:000002c4       $pdata$__scrt_uninitialize_crt 000000014000b2c4     MSVCRTD:utility.obj
 0004:000002d0       $pdata$__scrt_initialize_onexit_tables 000000014000b2d0     MSVCRTD:utility.obj
 0004:000002dc       $pdata$?is_potentially_valid_image_base@@YA_NQEAX@Z 000000014000b2dc     MSVCRTD:utility.obj
 0004:000002e8       $pdata$?find_pe_section@@YAPEAU_IMAGE_SECTION_HEADER@@QEAE_K@Z 000000014000b2e8     MSVCRTD:utility.obj
 0004:000002f4       $pdata$__scrt_get_show_window_mode 000000014000b2f4     MSVCRTD:utility_desktop.obj
 0004:00000300       $pdata$__scrt_is_managed_app 000000014000b300     MSVCRTD:utility_desktop.obj
 0004:0000030c       $pdata$__scrt_initialize_mta 000000014000b30c     MSVCRTD:utility_desktop.obj
 0004:00000318       $pdata$__scrt_set_unhandled_exception_filter 000000014000b318     MSVCRTD:utility_desktop.obj
 0004:00000324       $pdata$__scrt_fastfail     000000014000b324     MSVCRTD:utility_desktop.obj
 0004:00000330       $pdata$__scrt_unhandled_exception_filter 000000014000b330     MSVCRTD:utility_desktop.obj
 0004:0000033c       $pdata$__report_gsfailure  000000014000b33c     MSVCRTD:gs_report.obj
 0004:00000348       $pdata$capture_previous_context 000000014000b348     MSVCRTD:gs_report.obj
 0004:00000354       $pdata$__raise_securityfailure 000000014000b354     MSVCRTD:gs_report.obj
 0004:00000360       $pdata$__security_init_cookie 000000014000b360     MSVCRTD:gs_support.obj
 0004:0000036c       $pdata$__get_entropy       000000014000b36c     MSVCRTD:gs_support.obj
 0004:00000378       $pdata$?__scrt_initialize_type_info@@YAXXZ 000000014000b378     MSVCRTD:tncleanup.obj
 0004:00000384       $pdata$__scrt_initialize_default_local_stdio_options 000000014000b384     MSVCRTD:default_local_stdio_options.obj
 0004:00000390       $pdata$__scrt_is_user_matherr_present 000000014000b390     MSVCRTD:matherr_detection.obj
 0004:0000039c       $pdata$_RTC_Initialize     000000014000b39c     MSVCRTD:initsect.obj
 0004:000003a8       $pdata$_RTC_Terminate      000000014000b3a8     MSVCRTD:initsect.obj
 0004:000003b4       $pdata$__isa_available_init 000000014000b3b4     MSVCRTD:cpu_disp.obj
 0004:000003c0       $pdata$__scrt_is_ucrt_dll_in_use 000000014000b3c0     MSVCRTD:ucrt_detection.obj
